 
****************************************
Report : timing
        -path full
        -delay max
        -max_paths 1
Design : msrv32_machine_control
Version: T-2022.03-SP4
Date   : Sat Aug 30 03:28:06 2025
****************************************

Operating Conditions: nom_pvt   Library: lsi_10k
Wire Load Model Mode: top

  Startpoint: funct7_in[2]
              (input port)
  Endpoint: trap_taken_out
            (output port)
  Path Group: (none)
  Path Type: max

  Point                                    Incr       Path
  -----------------------------------------------------------
  input external delay                     0.00       0.00 f
  funct7_in[2] (in)                        0.00       0.00 f
  U113/Z (NR4)                             1.58       1.58 r
  U117/Z (ND4)                             0.59       2.18 f
  U118/Z (NR2)                             0.81       2.98 r
  U119/Z (ND4)                             0.73       3.72 f
  U120/Z (NR4)                             2.61       6.33 r
  U121/Z (IVP)                             0.23       6.56 f
  U141/Z (ND4)                             1.07       7.63 r
  trap_taken_out (out)                     0.00       7.63 r
  data arrival time                                   7.63
  -----------------------------------------------------------
  (Path is unconstrained)


1
