 
****************************************
Report : timing
        -path full
        -delay max
        -max_paths 1
Design : msrv32_immediate_adder
Version: T-2022.03-SP4
Date   : Sat Aug 30 03:26:53 2025
****************************************

Operating Conditions: nom_pvt   Library: lsi_10k
Wire Load Model Mode: top

  Startpoint: iadder_src_in
              (input port)
  Endpoint: iadder_out[31]
            (output port)
  Path Group: (none)
  Path Type: max

  Point                                    Incr       Path
  -----------------------------------------------------------
  input external delay                     0.00       0.00 r
  iadder_src_in (in)                       0.00       0.00 r
  U2/Z (IVP)                               1.22       1.22 f
  U63/Z (AO2)                              1.34       2.56 r
  U64/Z (IVP)                              0.19       2.75 f
  DP_OP_10J3_122_3765/U32/CO (FA1A)        2.27       5.03 f
  DP_OP_10J3_122_3765/U31/CO (FA1A)        1.17       6.20 f
  DP_OP_10J3_122_3765/U30/CO (FA1A)        1.17       7.38 f
  DP_OP_10J3_122_3765/U29/CO (FA1A)        1.17       8.55 f
  DP_OP_10J3_122_3765/U28/CO (FA1A)        1.17       9.72 f
  DP_OP_10J3_122_3765/U27/CO (FA1A)        1.17      10.90 f
  DP_OP_10J3_122_3765/U26/CO (FA1A)        1.17      12.07 f
  DP_OP_10J3_122_3765/U25/CO (FA1A)        1.17      13.25 f
  DP_OP_10J3_122_3765/U24/CO (FA1A)        1.17      14.42 f
  DP_OP_10J3_122_3765/U23/CO (FA1A)        1.17      15.59 f
  DP_OP_10J3_122_3765/U22/CO (FA1A)        1.17      16.77 f
  DP_OP_10J3_122_3765/U21/CO (FA1A)        1.17      17.94 f
  DP_OP_10J3_122_3765/U20/CO (FA1A)        1.17      19.11 f
  DP_OP_10J3_122_3765/U19/CO (FA1A)        1.17      20.29 f
  DP_OP_10J3_122_3765/U18/CO (FA1A)        1.17      21.46 f
  DP_OP_10J3_122_3765/U17/CO (FA1A)        1.17      22.64 f
  DP_OP_10J3_122_3765/U16/CO (FA1A)        1.17      23.81 f
  DP_OP_10J3_122_3765/U15/CO (FA1A)        1.17      24.98 f
  DP_OP_10J3_122_3765/U14/CO (FA1A)        1.17      26.16 f
  DP_OP_10J3_122_3765/U13/CO (FA1A)        1.17      27.33 f
  DP_OP_10J3_122_3765/U12/CO (FA1A)        1.17      28.50 f
  DP_OP_10J3_122_3765/U11/CO (FA1A)        1.17      29.68 f
  DP_OP_10J3_122_3765/U10/CO (FA1A)        1.17      30.85 f
  DP_OP_10J3_122_3765/U9/CO (FA1A)         1.17      32.03 f
  DP_OP_10J3_122_3765/U8/CO (FA1A)         1.17      33.20 f
  DP_OP_10J3_122_3765/U7/CO (FA1A)         1.17      34.37 f
  DP_OP_10J3_122_3765/U6/CO (FA1A)         1.17      35.55 f
  DP_OP_10J3_122_3765/U5/CO (FA1A)         1.17      36.72 f
  DP_OP_10J3_122_3765/U4/CO (FA1A)         1.17      37.89 f
  DP_OP_10J3_122_3765/U3/CO (FA1A)         1.11      39.00 f
  U68/Z (EO)                               1.06      40.06 f
  iadder_out[31] (out)                     0.00      40.06 f
  data arrival time                                  40.06
  -----------------------------------------------------------
  (Path is unconstrained)


1
