 
****************************************
Report : area
Design : csr_data_mux_unit
Version: T-2022.03-SP4
Date   : Sat Aug 30 03:27:35 2025
****************************************

Information: Updating design information... (UID-85)
Library(s) Used:

    lsi_10k (File: /home1/BRN49/RuthvikBJ/VLSI_RN/projects/RISC-V/lib/lsi_10k.db)

Number of ports:                          556
Number of nets:                          1024
Number of cells:                          500
Number of combinational cells:            500
Number of sequential cells:                 0
Number of macros/black boxes:               0
Number of buf/inv:                         10
Number of references:                      13

Combinational area:                798.000000
Buf/Inv area:                       10.000000
Noncombinational area:               0.000000
Macro/Black Box area:                0.000000
Net Interconnect area:      undefined  (No wire load specified)

Total cell area:                   798.000000
Total area:                 undefined
1
