 
****************************************
Report : area
Design : msrv32_csr_file
Version: T-2022.03-SP4
Date   : Sat Aug 30 03:27:24 2025
****************************************

Information: Updating design information... (UID-85)
Library(s) Used:

    lsi_10k (File: /home1/BRN49/RuthvikBJ/VLSI_RN/projects/RISC-V/lib/lsi_10k.db)

Number of ports:                         2053
Number of nets:                          4605
Number of cells:                         2761
Number of combinational cells:           2385
Number of sequential cells:               362
Number of macros/black boxes:               0
Number of buf/inv:                        167
Number of references:                      12

Combinational area:               3914.000000
Buf/Inv area:                      167.000000
Noncombinational area:            2534.000000
Macro/Black Box area:                0.000000
Net Interconnect area:      undefined  (No wire load specified)

Total cell area:                  6448.000000
Total area:                 undefined
1
