 
****************************************
Report : area
Design : msrv32_instruction_mux
Version: T-2022.03-SP4
Date   : Sat Aug 30 03:27:13 2025
****************************************

Information: Updating design information... (UID-85)
Library(s) Used:

    lsi_10k (File: /home1/BRN49/RuthvikBJ/VLSI_RN/projects/RISC-V/lib/lsi_10k.db)

Number of ports:                          102
Number of nets:                            94
Number of cells:                           61
Number of combinational cells:             61
Number of sequential cells:                 0
Number of macros/black boxes:               0
Number of buf/inv:                         29
Number of references:                       3

Combinational area:                 64.000000
Buf/Inv area:                       29.000000
Noncombinational area:               0.000000
Macro/Black Box area:                0.000000
Net Interconnect area:      undefined  (No wire load specified)

Total cell area:                    64.000000
Total area:                 undefined
1
