 
****************************************
Report : area
Design : msrv32_imm_generator
Version: T-2022.03-SP4
Date   : Sat Aug 30 03:26:51 2025
****************************************

Information: Updating design information... (UID-85)
Library(s) Used:

    lsi_10k (File: /home1/BRN49/RuthvikBJ/VLSI_RN/projects/RISC-V/lib/lsi_10k.db)

Number of ports:                           60
Number of nets:                           106
Number of cells:                           78
Number of combinational cells:             78
Number of sequential cells:                 0
Number of macros/black boxes:               0
Number of buf/inv:                          4
Number of references:                       9

Combinational area:                 95.000000
Buf/Inv area:                        4.000000
Noncombinational area:               0.000000
Macro/Black Box area:                0.000000
Net Interconnect area:      undefined  (No wire load specified)

Total cell area:                    95.000000
Total area:                 undefined
1
